// Jest Snapshot v1, https://goo.gl/fbAQLP

exports[`renders a region with --session and --config args 1`] = `"<svg width=\\"1000\\" height=\\"250\\" xmlns=\\"http://www.w3.org/2000/svg\\" xmlns:xlink=\\"http://www.w3.org/1999/xlink\\" viewBox=\\"0,0,1100,250\\"><rect width=\\"1100\\" height=\\"250\\" fill=\\"white\\"></rect><g stroke=\\"none\\" transform=\\"translate(50 15)\\"><text x=\\"0\\" y=\\"15\\" font-size=\\"15\\">hg38</text><g transform=\\"translate(0 15)\\"><line x1=\\"0\\" x2=\\"1000.0000000000742\\" y1=\\"10\\" y2=\\"10\\" stroke=\\"black\\"></line><line x1=\\"0\\" x2=\\"0\\" y1=\\"5\\" y2=\\"15\\" stroke=\\"black\\"></line><line x1=\\"1000.0000000000742\\" x2=\\"1000.0000000000742\\" y1=\\"5\\" y2=\\"15\\" stroke=\\"black\\"></line><text x=\\"500.0000000000371\\" y=\\"30\\" text-anchor=\\"middle\\" font-size=\\"15\\">25.1Kbp</text></g><g transform=\\"translate(0 50)\\"><defs><clipPath id=\\"clip-ruler\\"><rect x=\\"0\\" y=\\"0\\" width=\\"1000\\" height=\\"20\\"></rect></clipPath></defs><g transform=\\"translate(0 0)\\"><text x=\\"0\\" y=\\"15\\" font-size=\\"15\\">1</text><g transform=\\"translate(0 20)\\" clip-path=\\"url(#clip-ruler)\\"><line x1=\\"-13.890886076274287\\" x2=\\"-13.890886076274287\\" y1=\\"0\\" y2=\\"4\\" stroke-width=\\"1\\" stroke=\\"#999\\" class=\\"makeStyles-minorTick-3\\" data-bp=\\"18867199\\"></line><line x1=\\"2.05501260458287\\" x2=\\"2.05501260458287\\" y1=\\"0\\" y2=\\"4\\" stroke-width=\\"1\\" stroke=\\"#999\\" class=\\"makeStyles-minorTick-3\\" data-bp=\\"18867599\\"></line><line x1=\\"18.000911285440026\\" x2=\\"18.000911285440026\\" y1=\\"0\\" y2=\\"6\\" stroke-width=\\"1\\" stroke=\\"#555\\" class=\\"makeStyles-majorTick-2\\" data-bp=\\"18867999\\"></line><line x1=\\"33.94680996629718\\" x2=\\"33.94680996629718\\" y1=\\"0\\" y2=\\"4\\" stroke-width=\\"1\\" stroke=\\"#999\\" class=\\"makeStyles-minorTick-3\\" data-bp=\\"18868399\\"></line><line x1=\\"49.89270864715434\\" x2=\\"49.89270864715434\\" y1=\\"0\\" y2=\\"4\\" stroke-width=\\"1\\" stroke=\\"#999\\" class=\\"makeStyles-minorTick-3\\" data-bp=\\"18868799\\"></line><line x1=\\"65.83860732801149\\" x2=\\"65.83860732801149\\" y1=\\"0\\" y2=\\"4\\" stroke-width=\\"1\\" stroke=\\"#999\\" class=\\"makeStyles-minorTick-3\\" data-bp=\\"18869199\\"></line><line x1=\\"81.78450600886866\\" x2=\\"81.78450600886866\\" y1=\\"0\\" y2=\\"4\\" stroke-width=\\"1\\" stroke=\\"#999\\" class=\\"makeStyles-minorTick-3\\" data-bp=\\"18869599\\"></line><line x1=\\"97.73040468972582\\" x2=\\"97.73040468972582\\" y1=\\"0\\" y2=\\"4\\" stroke-width=\\"1\\" stroke=\\"#999\\" class=\\"makeStyles-minorTick-3\\" data-bp=\\"18869999\\"></line><line x1=\\"113.67630337058297\\" x2=\\"113.67630337058297\\" y1=\\"0\\" y2=\\"4\\" stroke-width=\\"1\\" stroke=\\"#999\\" class=\\"makeStyles-minorTick-3\\" data-bp=\\"18870399\\"></line><line x1=\\"129.62220205144013\\" x2=\\"129.62220205144013\\" y1=\\"0\\" y2=\\"4\\" stroke-width=\\"1\\" stroke=\\"#999\\" class=\\"makeStyles-minorTick-3\\" data-bp=\\"18870799\\"></line><line x1=\\"145.56810073229727\\" x2=\\"145.56810073229727\\" y1=\\"0\\" y2=\\"4\\" stroke-width=\\"1\\" stroke=\\"#999\\" class=\\"makeStyles-minorTick-3\\" data-bp=\\"18871199\\"></line><line x1=\\"161.51399941315444\\" x2=\\"161.51399941315444\\" y1=\\"0\\" y2=\\"4\\" stroke-width=\\"1\\" stroke=\\"#999\\" class=\\"makeStyles-minorTick-3\\" data-bp=\\"18871599\\"></line><line x1=\\"177.4598980940116\\" x2=\\"177.4598980940116\\" y1=\\"0\\" y2=\\"6\\" stroke-width=\\"1\\" stroke=\\"#555\\" class=\\"makeStyles-majorTick-2\\" data-bp=\\"18871999\\"></line><line x1=\\"193.40579677486875\\" x2=\\"193.40579677486875\\" y1=\\"0\\" y2=\\"4\\" stroke-width=\\"1\\" stroke=\\"#999\\" class=\\"makeStyles-minorTick-3\\" data-bp=\\"18872399\\"></line><line x1=\\"209.35169545572592\\" x2=\\"209.35169545572592\\" y1=\\"0\\" y2=\\"4\\" stroke-width=\\"1\\" stroke=\\"#999\\" class=\\"makeStyles-minorTick-3\\" data-bp=\\"18872799\\"></line><line x1=\\"225.29759413658306\\" x2=\\"225.29759413658306\\" y1=\\"0\\" y2=\\"4\\" stroke-width=\\"1\\" stroke=\\"#999\\" class=\\"makeStyles-minorTick-3\\" data-bp=\\"18873199\\"></line><line x1=\\"241.24349281744023\\" x2=\\"241.24349281744023\\" y1=\\"0\\" y2=\\"4\\" stroke-width=\\"1\\" stroke=\\"#999\\" class=\\"makeStyles-minorTick-3\\" data-bp=\\"18873599\\"></line><line x1=\\"257.18939149829737\\" x2=\\"257.18939149829737\\" y1=\\"0\\" y2=\\"4\\" stroke-width=\\"1\\" stroke=\\"#999\\" class=\\"makeStyles-minorTick-3\\" data-bp=\\"18873999\\"></line><line x1=\\"273.13529017915454\\" x2=\\"273.13529017915454\\" y1=\\"0\\" y2=\\"4\\" stroke-width=\\"1\\" stroke=\\"#999\\" class=\\"makeStyles-minorTick-3\\" data-bp=\\"18874399\\"></line><line x1=\\"289.0811888600117\\" x2=\\"289.0811888600117\\" y1=\\"0\\" y2=\\"4\\" stroke-width=\\"1\\" stroke=\\"#999\\" class=\\"makeStyles-minorTick-3\\" data-bp=\\"18874799\\"></line><line x1=\\"305.0270875408689\\" x2=\\"305.0270875408689\\" y1=\\"0\\" y2=\\"4\\" stroke-width=\\"1\\" stroke=\\"#999\\" class=\\"makeStyles-minorTick-3\\" data-bp=\\"18875199\\"></line><line x1=\\"320.972986221726\\" x2=\\"320.972986221726\\" y1=\\"0\\" y2=\\"4\\" stroke-width=\\"1\\" stroke=\\"#999\\" class=\\"makeStyles-minorTick-3\\" data-bp=\\"18875599\\"></line><line x1=\\"336.91888490258316\\" x2=\\"336.91888490258316\\" y1=\\"0\\" y2=\\"6\\" stroke-width=\\"1\\" stroke=\\"#555\\" class=\\"makeStyles-majorTick-2\\" data-bp=\\"18875999\\"></line><line x1=\\"352.8647835834403\\" x2=\\"352.8647835834403\\" y1=\\"0\\" y2=\\"4\\" stroke-width=\\"1\\" stroke=\\"#999\\" class=\\"makeStyles-minorTick-3\\" data-bp=\\"18876399\\"></line><line x1=\\"368.8106822642975\\" x2=\\"368.8106822642975\\" y1=\\"0\\" y2=\\"4\\" stroke-width=\\"1\\" stroke=\\"#999\\" class=\\"makeStyles-minorTick-3\\" data-bp=\\"18876799\\"></line><line x1=\\"384.7565809451546\\" x2=\\"384.7565809451546\\" y1=\\"0\\" y2=\\"4\\" stroke-width=\\"1\\" stroke=\\"#999\\" class=\\"makeStyles-minorTick-3\\" data-bp=\\"18877199\\"></line><line x1=\\"400.7024796260118\\" x2=\\"400.7024796260118\\" y1=\\"0\\" y2=\\"4\\" stroke-width=\\"1\\" stroke=\\"#999\\" class=\\"makeStyles-minorTick-3\\" data-bp=\\"18877599\\"></line><line x1=\\"416.64837830686895\\" x2=\\"416.64837830686895\\" y1=\\"0\\" y2=\\"4\\" stroke-width=\\"1\\" stroke=\\"#999\\" class=\\"makeStyles-minorTick-3\\" data-bp=\\"18877999\\"></line><line x1=\\"432.5942769877261\\" x2=\\"432.5942769877261\\" y1=\\"0\\" y2=\\"4\\" stroke-width=\\"1\\" stroke=\\"#999\\" class=\\"makeStyles-minorTick-3\\" data-bp=\\"18878399\\"></line><line x1=\\"448.5401756685833\\" x2=\\"448.5401756685833\\" y1=\\"0\\" y2=\\"4\\" stroke-width=\\"1\\" stroke=\\"#999\\" class=\\"makeStyles-minorTick-3\\" data-bp=\\"18878799\\"></line><line x1=\\"464.4860743494404\\" x2=\\"464.4860743494404\\" y1=\\"0\\" y2=\\"4\\" stroke-width=\\"1\\" stroke=\\"#999\\" class=\\"makeStyles-minorTick-3\\" data-bp=\\"18879199\\"></line><line x1=\\"480.43197303029757\\" x2=\\"480.43197303029757\\" y1=\\"0\\" y2=\\"4\\" stroke-width=\\"1\\" stroke=\\"#999\\" class=\\"makeStyles-minorTick-3\\" data-bp=\\"18879599\\"></line><line x1=\\"496.37787171115474\\" x2=\\"496.37787171115474\\" y1=\\"0\\" y2=\\"6\\" stroke-width=\\"1\\" stroke=\\"#555\\" class=\\"makeStyles-majorTick-2\\" data-bp=\\"18879999\\"></line><line x1=\\"512.3237703920119\\" x2=\\"512.3237703920119\\" y1=\\"0\\" y2=\\"4\\" stroke-width=\\"1\\" stroke=\\"#999\\" class=\\"makeStyles-minorTick-3\\" data-bp=\\"18880399\\"></line><line x1=\\"528.2696690728691\\" x2=\\"528.2696690728691\\" y1=\\"0\\" y2=\\"4\\" stroke-width=\\"1\\" stroke=\\"#999\\" class=\\"makeStyles-minorTick-3\\" data-bp=\\"18880799\\"></line><line x1=\\"544.2155677537262\\" x2=\\"544.2155677537262\\" y1=\\"0\\" y2=\\"4\\" stroke-width=\\"1\\" stroke=\\"#999\\" class=\\"makeStyles-minorTick-3\\" data-bp=\\"18881199\\"></line><line x1=\\"560.1614664345833\\" x2=\\"560.1614664345833\\" y1=\\"0\\" y2=\\"4\\" stroke-width=\\"1\\" stroke=\\"#999\\" class=\\"makeStyles-minorTick-3\\" data-bp=\\"18881599\\"></line><line x1=\\"576.1073651154405\\" x2=\\"576.1073651154405\\" y1=\\"0\\" y2=\\"4\\" stroke-width=\\"1\\" stroke=\\"#999\\" class=\\"makeStyles-minorTick-3\\" data-bp=\\"18881999\\"></line><line x1=\\"592.0532637962976\\" x2=\\"592.0532637962976\\" y1=\\"0\\" y2=\\"4\\" stroke-width=\\"1\\" stroke=\\"#999\\" class=\\"makeStyles-minorTick-3\\" data-bp=\\"18882399\\"></line><line x1=\\"607.9991624771549\\" x2=\\"607.9991624771549\\" y1=\\"0\\" y2=\\"4\\" stroke-width=\\"1\\" stroke=\\"#999\\" class=\\"makeStyles-minorTick-3\\" data-bp=\\"18882799\\"></line><line x1=\\"623.945061158012\\" x2=\\"623.945061158012\\" y1=\\"0\\" y2=\\"4\\" stroke-width=\\"1\\" stroke=\\"#999\\" class=\\"makeStyles-minorTick-3\\" data-bp=\\"18883199\\"></line><line x1=\\"639.8909598388691\\" x2=\\"639.8909598388691\\" y1=\\"0\\" y2=\\"4\\" stroke-width=\\"1\\" stroke=\\"#999\\" class=\\"makeStyles-minorTick-3\\" data-bp=\\"18883599\\"></line><line x1=\\"655.8368585197263\\" x2=\\"655.8368585197263\\" y1=\\"0\\" y2=\\"6\\" stroke-width=\\"1\\" stroke=\\"#555\\" class=\\"makeStyles-majorTick-2\\" data-bp=\\"18883999\\"></line><line x1=\\"671.7827572005834\\" x2=\\"671.7827572005834\\" y1=\\"0\\" y2=\\"4\\" stroke-width=\\"1\\" stroke=\\"#999\\" class=\\"makeStyles-minorTick-3\\" data-bp=\\"18884399\\"></line><line x1=\\"687.7286558814407\\" x2=\\"687.7286558814407\\" y1=\\"0\\" y2=\\"4\\" stroke-width=\\"1\\" stroke=\\"#999\\" class=\\"makeStyles-minorTick-3\\" data-bp=\\"18884799\\"></line><line x1=\\"703.6745545622978\\" x2=\\"703.6745545622978\\" y1=\\"0\\" y2=\\"4\\" stroke-width=\\"1\\" stroke=\\"#999\\" class=\\"makeStyles-minorTick-3\\" data-bp=\\"18885199\\"></line><line x1=\\"719.6204532431549\\" x2=\\"719.6204532431549\\" y1=\\"0\\" y2=\\"4\\" stroke-width=\\"1\\" stroke=\\"#999\\" class=\\"makeStyles-minorTick-3\\" data-bp=\\"18885599\\"></line><line x1=\\"735.5663519240121\\" x2=\\"735.5663519240121\\" y1=\\"0\\" y2=\\"4\\" stroke-width=\\"1\\" stroke=\\"#999\\" class=\\"makeStyles-minorTick-3\\" data-bp=\\"18885999\\"></line><line x1=\\"751.5122506048692\\" x2=\\"751.5122506048692\\" y1=\\"0\\" y2=\\"4\\" stroke-width=\\"1\\" stroke=\\"#999\\" class=\\"makeStyles-minorTick-3\\" data-bp=\\"18886399\\"></line><line x1=\\"767.4581492857264\\" x2=\\"767.4581492857264\\" y1=\\"0\\" y2=\\"4\\" stroke-width=\\"1\\" stroke=\\"#999\\" class=\\"makeStyles-minorTick-3\\" data-bp=\\"18886799\\"></line><line x1=\\"783.4040479665836\\" x2=\\"783.4040479665836\\" y1=\\"0\\" y2=\\"4\\" stroke-width=\\"1\\" stroke=\\"#999\\" class=\\"makeStyles-minorTick-3\\" data-bp=\\"18887199\\"></line><line x1=\\"799.3499466474407\\" x2=\\"799.3499466474407\\" y1=\\"0\\" y2=\\"4\\" stroke-width=\\"1\\" stroke=\\"#999\\" class=\\"makeStyles-minorTick-3\\" data-bp=\\"18887599\\"></line><line x1=\\"815.2958453282979\\" x2=\\"815.2958453282979\\" y1=\\"0\\" y2=\\"6\\" stroke-width=\\"1\\" stroke=\\"#555\\" class=\\"makeStyles-majorTick-2\\" data-bp=\\"18887999\\"></line><line x1=\\"831.241744009155\\" x2=\\"831.241744009155\\" y1=\\"0\\" y2=\\"4\\" stroke-width=\\"1\\" stroke=\\"#999\\" class=\\"makeStyles-minorTick-3\\" data-bp=\\"18888399\\"></line><line x1=\\"847.1876426900121\\" x2=\\"847.1876426900121\\" y1=\\"0\\" y2=\\"4\\" stroke-width=\\"1\\" stroke=\\"#999\\" class=\\"makeStyles-minorTick-3\\" data-bp=\\"18888799\\"></line><line x1=\\"863.1335413708694\\" x2=\\"863.1335413708694\\" y1=\\"0\\" y2=\\"4\\" stroke-width=\\"1\\" stroke=\\"#999\\" class=\\"makeStyles-minorTick-3\\" data-bp=\\"18889199\\"></line><line x1=\\"879.0794400517265\\" x2=\\"879.0794400517265\\" y1=\\"0\\" y2=\\"4\\" stroke-width=\\"1\\" stroke=\\"#999\\" class=\\"makeStyles-minorTick-3\\" data-bp=\\"18889599\\"></line><line x1=\\"895.0253387325837\\" x2=\\"895.0253387325837\\" y1=\\"0\\" y2=\\"4\\" stroke-width=\\"1\\" stroke=\\"#999\\" class=\\"makeStyles-minorTick-3\\" data-bp=\\"18889999\\"></line><line x1=\\"910.9712374134408\\" x2=\\"910.9712374134408\\" y1=\\"0\\" y2=\\"4\\" stroke-width=\\"1\\" stroke=\\"#999\\" class=\\"makeStyles-minorTick-3\\" data-bp=\\"18890399\\"></line><line x1=\\"926.9171360942979\\" x2=\\"926.9171360942979\\" y1=\\"0\\" y2=\\"4\\" stroke-width=\\"1\\" stroke=\\"#999\\" class=\\"makeStyles-minorTick-3\\" data-bp=\\"18890799\\"></line><line x1=\\"942.8630347751551\\" x2=\\"942.8630347751551\\" y1=\\"0\\" y2=\\"4\\" stroke-width=\\"1\\" stroke=\\"#999\\" class=\\"makeStyles-minorTick-3\\" data-bp=\\"18891199\\"></line><line x1=\\"958.8089334560123\\" x2=\\"958.8089334560123\\" y1=\\"0\\" y2=\\"4\\" stroke-width=\\"1\\" stroke=\\"#999\\" class=\\"makeStyles-minorTick-3\\" data-bp=\\"18891599\\"></line><line x1=\\"974.7548321368695\\" x2=\\"974.7548321368695\\" y1=\\"0\\" y2=\\"6\\" stroke-width=\\"1\\" stroke=\\"#555\\" class=\\"makeStyles-majorTick-2\\" data-bp=\\"18891999\\"></line><line x1=\\"990.7007308177266\\" x2=\\"990.7007308177266\\" y1=\\"0\\" y2=\\"4\\" stroke-width=\\"1\\" stroke=\\"#999\\" class=\\"makeStyles-minorTick-3\\" data-bp=\\"18892399\\"></line><line x1=\\"1006.6466294985837\\" x2=\\"1006.6466294985837\\" y1=\\"0\\" y2=\\"4\\" stroke-width=\\"1\\" stroke=\\"#999\\" class=\\"makeStyles-minorTick-3\\" data-bp=\\"18892799\\"></line><text x=\\"15.000911285440026\\" y=\\"18\\" style=\\"font-size:11px\\" class=\\"makeStyles-majorTickLabel-1\\">18,868,000</text><text x=\\"174.4598980940116\\" y=\\"18\\" style=\\"font-size:11px\\" class=\\"makeStyles-majorTickLabel-1\\">18,872,000</text><text x=\\"333.91888490258316\\" y=\\"18\\" style=\\"font-size:11px\\" class=\\"makeStyles-majorTickLabel-1\\">18,876,000</text><text x=\\"493.37787171115474\\" y=\\"18\\" style=\\"font-size:11px\\" class=\\"makeStyles-majorTickLabel-1\\">18,880,000</text><text x=\\"652.8368585197263\\" y=\\"18\\" style=\\"font-size:11px\\" class=\\"makeStyles-majorTickLabel-1\\">18,884,000</text><text x=\\"812.2958453282979\\" y=\\"18\\" style=\\"font-size:11px\\" class=\\"makeStyles-majorTickLabel-1\\">18,888,000</text><text x=\\"971.7548321368695\\" y=\\"18\\" style=\\"font-size:11px\\" class=\\"makeStyles-majorTickLabel-1\\">18,892,000</text></g></g></g><g transform=\\"translate(0 110)\\"><text font-size=\\"15\\" x=\\"0\\">ClinGen Gene-Disease mapping</text><g transform=\\"translate(0 20)\\"><defs><clipPath id=\\"clip-sXi9Yt_n7f-0\\"><rect x=\\"0\\" y=\\"0\\" width=\\"1000\\" height=\\"100\\"></rect></clipPath></defs><g transform=\\"translate(0 0)\\" clip-path=\\"url(#clip-sXi9Yt_n7f-0)\\"><g><rect data-testid=\\"box-test-bb-445991\\" x=\\"154.8\\" y=\\"0\\" width=\\"1000.0470357699566\\" height=\\"10\\" fill=\\"goldenrod\\"></rect><text x=\\"154.8\\" y=\\"25\\" style=\\"font-size:13px;fill:black;cursor:default\\">hyperprolinemia type 2</text></g></g></g></g></g></svg>"`;

exports[`renders a region with --session, --tracks, and --assembly args 1`] = `"<svg width=\\"1000\\" height=\\"250\\" xmlns=\\"http://www.w3.org/2000/svg\\" xmlns:xlink=\\"http://www.w3.org/1999/xlink\\" viewBox=\\"0,0,1100,250\\"><rect width=\\"1100\\" height=\\"250\\" fill=\\"white\\"></rect><g stroke=\\"none\\" transform=\\"translate(50 15)\\"><text x=\\"0\\" y=\\"15\\" font-size=\\"15\\">hg38</text><g transform=\\"translate(0 15)\\"><line x1=\\"0\\" x2=\\"1000.0000000000742\\" y1=\\"10\\" y2=\\"10\\" stroke=\\"black\\"></line><line x1=\\"0\\" x2=\\"0\\" y1=\\"5\\" y2=\\"15\\" stroke=\\"black\\"></line><line x1=\\"1000.0000000000742\\" x2=\\"1000.0000000000742\\" y1=\\"5\\" y2=\\"15\\" stroke=\\"black\\"></line><text x=\\"500.0000000000371\\" y=\\"30\\" text-anchor=\\"middle\\" font-size=\\"15\\">25.1Kbp</text></g><g transform=\\"translate(0 50)\\"><defs><clipPath id=\\"clip-ruler\\"><rect x=\\"0\\" y=\\"0\\" width=\\"1000\\" height=\\"20\\"></rect></clipPath></defs><g transform=\\"translate(0 0)\\"><text x=\\"0\\" y=\\"15\\" font-size=\\"15\\">1</text><g transform=\\"translate(0 20)\\" clip-path=\\"url(#clip-ruler)\\"><line x1=\\"-13.890886076274287\\" x2=\\"-13.890886076274287\\" y1=\\"0\\" y2=\\"4\\" stroke-width=\\"1\\" stroke=\\"#999\\" class=\\"makeStyles-minorTick-3\\" data-bp=\\"18867199\\"></line><line x1=\\"2.05501260458287\\" x2=\\"2.05501260458287\\" y1=\\"0\\" y2=\\"4\\" stroke-width=\\"1\\" stroke=\\"#999\\" class=\\"makeStyles-minorTick-3\\" data-bp=\\"18867599\\"></line><line x1=\\"18.000911285440026\\" x2=\\"18.000911285440026\\" y1=\\"0\\" y2=\\"6\\" stroke-width=\\"1\\" stroke=\\"#555\\" class=\\"makeStyles-majorTick-2\\" data-bp=\\"18867999\\"></line><line x1=\\"33.94680996629718\\" x2=\\"33.94680996629718\\" y1=\\"0\\" y2=\\"4\\" stroke-width=\\"1\\" stroke=\\"#999\\" class=\\"makeStyles-minorTick-3\\" data-bp=\\"18868399\\"></line><line x1=\\"49.89270864715434\\" x2=\\"49.89270864715434\\" y1=\\"0\\" y2=\\"4\\" stroke-width=\\"1\\" stroke=\\"#999\\" class=\\"makeStyles-minorTick-3\\" data-bp=\\"18868799\\"></line><line x1=\\"65.83860732801149\\" x2=\\"65.83860732801149\\" y1=\\"0\\" y2=\\"4\\" stroke-width=\\"1\\" stroke=\\"#999\\" class=\\"makeStyles-minorTick-3\\" data-bp=\\"18869199\\"></line><line x1=\\"81.78450600886866\\" x2=\\"81.78450600886866\\" y1=\\"0\\" y2=\\"4\\" stroke-width=\\"1\\" stroke=\\"#999\\" class=\\"makeStyles-minorTick-3\\" data-bp=\\"18869599\\"></line><line x1=\\"97.73040468972582\\" x2=\\"97.73040468972582\\" y1=\\"0\\" y2=\\"4\\" stroke-width=\\"1\\" stroke=\\"#999\\" class=\\"makeStyles-minorTick-3\\" data-bp=\\"18869999\\"></line><line x1=\\"113.67630337058297\\" x2=\\"113.67630337058297\\" y1=\\"0\\" y2=\\"4\\" stroke-width=\\"1\\" stroke=\\"#999\\" class=\\"makeStyles-minorTick-3\\" data-bp=\\"18870399\\"></line><line x1=\\"129.62220205144013\\" x2=\\"129.62220205144013\\" y1=\\"0\\" y2=\\"4\\" stroke-width=\\"1\\" stroke=\\"#999\\" class=\\"makeStyles-minorTick-3\\" data-bp=\\"18870799\\"></line><line x1=\\"145.56810073229727\\" x2=\\"145.56810073229727\\" y1=\\"0\\" y2=\\"4\\" stroke-width=\\"1\\" stroke=\\"#999\\" class=\\"makeStyles-minorTick-3\\" data-bp=\\"18871199\\"></line><line x1=\\"161.51399941315444\\" x2=\\"161.51399941315444\\" y1=\\"0\\" y2=\\"4\\" stroke-width=\\"1\\" stroke=\\"#999\\" class=\\"makeStyles-minorTick-3\\" data-bp=\\"18871599\\"></line><line x1=\\"177.4598980940116\\" x2=\\"177.4598980940116\\" y1=\\"0\\" y2=\\"6\\" stroke-width=\\"1\\" stroke=\\"#555\\" class=\\"makeStyles-majorTick-2\\" data-bp=\\"18871999\\"></line><line x1=\\"193.40579677486875\\" x2=\\"193.40579677486875\\" y1=\\"0\\" y2=\\"4\\" stroke-width=\\"1\\" stroke=\\"#999\\" class=\\"makeStyles-minorTick-3\\" data-bp=\\"18872399\\"></line><line x1=\\"209.35169545572592\\" x2=\\"209.35169545572592\\" y1=\\"0\\" y2=\\"4\\" stroke-width=\\"1\\" stroke=\\"#999\\" class=\\"makeStyles-minorTick-3\\" data-bp=\\"18872799\\"></line><line x1=\\"225.29759413658306\\" x2=\\"225.29759413658306\\" y1=\\"0\\" y2=\\"4\\" stroke-width=\\"1\\" stroke=\\"#999\\" class=\\"makeStyles-minorTick-3\\" data-bp=\\"18873199\\"></line><line x1=\\"241.24349281744023\\" x2=\\"241.24349281744023\\" y1=\\"0\\" y2=\\"4\\" stroke-width=\\"1\\" stroke=\\"#999\\" class=\\"makeStyles-minorTick-3\\" data-bp=\\"18873599\\"></line><line x1=\\"257.18939149829737\\" x2=\\"257.18939149829737\\" y1=\\"0\\" y2=\\"4\\" stroke-width=\\"1\\" stroke=\\"#999\\" class=\\"makeStyles-minorTick-3\\" data-bp=\\"18873999\\"></line><line x1=\\"273.13529017915454\\" x2=\\"273.13529017915454\\" y1=\\"0\\" y2=\\"4\\" stroke-width=\\"1\\" stroke=\\"#999\\" class=\\"makeStyles-minorTick-3\\" data-bp=\\"18874399\\"></line><line x1=\\"289.0811888600117\\" x2=\\"289.0811888600117\\" y1=\\"0\\" y2=\\"4\\" stroke-width=\\"1\\" stroke=\\"#999\\" class=\\"makeStyles-minorTick-3\\" data-bp=\\"18874799\\"></line><line x1=\\"305.0270875408689\\" x2=\\"305.0270875408689\\" y1=\\"0\\" y2=\\"4\\" stroke-width=\\"1\\" stroke=\\"#999\\" class=\\"makeStyles-minorTick-3\\" data-bp=\\"18875199\\"></line><line x1=\\"320.972986221726\\" x2=\\"320.972986221726\\" y1=\\"0\\" y2=\\"4\\" stroke-width=\\"1\\" stroke=\\"#999\\" class=\\"makeStyles-minorTick-3\\" data-bp=\\"18875599\\"></line><line x1=\\"336.91888490258316\\" x2=\\"336.91888490258316\\" y1=\\"0\\" y2=\\"6\\" stroke-width=\\"1\\" stroke=\\"#555\\" class=\\"makeStyles-majorTick-2\\" data-bp=\\"18875999\\"></line><line x1=\\"352.8647835834403\\" x2=\\"352.8647835834403\\" y1=\\"0\\" y2=\\"4\\" stroke-width=\\"1\\" stroke=\\"#999\\" class=\\"makeStyles-minorTick-3\\" data-bp=\\"18876399\\"></line><line x1=\\"368.8106822642975\\" x2=\\"368.8106822642975\\" y1=\\"0\\" y2=\\"4\\" stroke-width=\\"1\\" stroke=\\"#999\\" class=\\"makeStyles-minorTick-3\\" data-bp=\\"18876799\\"></line><line x1=\\"384.7565809451546\\" x2=\\"384.7565809451546\\" y1=\\"0\\" y2=\\"4\\" stroke-width=\\"1\\" stroke=\\"#999\\" class=\\"makeStyles-minorTick-3\\" data-bp=\\"18877199\\"></line><line x1=\\"400.7024796260118\\" x2=\\"400.7024796260118\\" y1=\\"0\\" y2=\\"4\\" stroke-width=\\"1\\" stroke=\\"#999\\" class=\\"makeStyles-minorTick-3\\" data-bp=\\"18877599\\"></line><line x1=\\"416.64837830686895\\" x2=\\"416.64837830686895\\" y1=\\"0\\" y2=\\"4\\" stroke-width=\\"1\\" stroke=\\"#999\\" class=\\"makeStyles-minorTick-3\\" data-bp=\\"18877999\\"></line><line x1=\\"432.5942769877261\\" x2=\\"432.5942769877261\\" y1=\\"0\\" y2=\\"4\\" stroke-width=\\"1\\" stroke=\\"#999\\" class=\\"makeStyles-minorTick-3\\" data-bp=\\"18878399\\"></line><line x1=\\"448.5401756685833\\" x2=\\"448.5401756685833\\" y1=\\"0\\" y2=\\"4\\" stroke-width=\\"1\\" stroke=\\"#999\\" class=\\"makeStyles-minorTick-3\\" data-bp=\\"18878799\\"></line><line x1=\\"464.4860743494404\\" x2=\\"464.4860743494404\\" y1=\\"0\\" y2=\\"4\\" stroke-width=\\"1\\" stroke=\\"#999\\" class=\\"makeStyles-minorTick-3\\" data-bp=\\"18879199\\"></line><line x1=\\"480.43197303029757\\" x2=\\"480.43197303029757\\" y1=\\"0\\" y2=\\"4\\" stroke-width=\\"1\\" stroke=\\"#999\\" class=\\"makeStyles-minorTick-3\\" data-bp=\\"18879599\\"></line><line x1=\\"496.37787171115474\\" x2=\\"496.37787171115474\\" y1=\\"0\\" y2=\\"6\\" stroke-width=\\"1\\" stroke=\\"#555\\" class=\\"makeStyles-majorTick-2\\" data-bp=\\"18879999\\"></line><line x1=\\"512.3237703920119\\" x2=\\"512.3237703920119\\" y1=\\"0\\" y2=\\"4\\" stroke-width=\\"1\\" stroke=\\"#999\\" class=\\"makeStyles-minorTick-3\\" data-bp=\\"18880399\\"></line><line x1=\\"528.2696690728691\\" x2=\\"528.2696690728691\\" y1=\\"0\\" y2=\\"4\\" stroke-width=\\"1\\" stroke=\\"#999\\" class=\\"makeStyles-minorTick-3\\" data-bp=\\"18880799\\"></line><line x1=\\"544.2155677537262\\" x2=\\"544.2155677537262\\" y1=\\"0\\" y2=\\"4\\" stroke-width=\\"1\\" stroke=\\"#999\\" class=\\"makeStyles-minorTick-3\\" data-bp=\\"18881199\\"></line><line x1=\\"560.1614664345833\\" x2=\\"560.1614664345833\\" y1=\\"0\\" y2=\\"4\\" stroke-width=\\"1\\" stroke=\\"#999\\" class=\\"makeStyles-minorTick-3\\" data-bp=\\"18881599\\"></line><line x1=\\"576.1073651154405\\" x2=\\"576.1073651154405\\" y1=\\"0\\" y2=\\"4\\" stroke-width=\\"1\\" stroke=\\"#999\\" class=\\"makeStyles-minorTick-3\\" data-bp=\\"18881999\\"></line><line x1=\\"592.0532637962976\\" x2=\\"592.0532637962976\\" y1=\\"0\\" y2=\\"4\\" stroke-width=\\"1\\" stroke=\\"#999\\" class=\\"makeStyles-minorTick-3\\" data-bp=\\"18882399\\"></line><line x1=\\"607.9991624771549\\" x2=\\"607.9991624771549\\" y1=\\"0\\" y2=\\"4\\" stroke-width=\\"1\\" stroke=\\"#999\\" class=\\"makeStyles-minorTick-3\\" data-bp=\\"18882799\\"></line><line x1=\\"623.945061158012\\" x2=\\"623.945061158012\\" y1=\\"0\\" y2=\\"4\\" stroke-width=\\"1\\" stroke=\\"#999\\" class=\\"makeStyles-minorTick-3\\" data-bp=\\"18883199\\"></line><line x1=\\"639.8909598388691\\" x2=\\"639.8909598388691\\" y1=\\"0\\" y2=\\"4\\" stroke-width=\\"1\\" stroke=\\"#999\\" class=\\"makeStyles-minorTick-3\\" data-bp=\\"18883599\\"></line><line x1=\\"655.8368585197263\\" x2=\\"655.8368585197263\\" y1=\\"0\\" y2=\\"6\\" stroke-width=\\"1\\" stroke=\\"#555\\" class=\\"makeStyles-majorTick-2\\" data-bp=\\"18883999\\"></line><line x1=\\"671.7827572005834\\" x2=\\"671.7827572005834\\" y1=\\"0\\" y2=\\"4\\" stroke-width=\\"1\\" stroke=\\"#999\\" class=\\"makeStyles-minorTick-3\\" data-bp=\\"18884399\\"></line><line x1=\\"687.7286558814407\\" x2=\\"687.7286558814407\\" y1=\\"0\\" y2=\\"4\\" stroke-width=\\"1\\" stroke=\\"#999\\" class=\\"makeStyles-minorTick-3\\" data-bp=\\"18884799\\"></line><line x1=\\"703.6745545622978\\" x2=\\"703.6745545622978\\" y1=\\"0\\" y2=\\"4\\" stroke-width=\\"1\\" stroke=\\"#999\\" class=\\"makeStyles-minorTick-3\\" data-bp=\\"18885199\\"></line><line x1=\\"719.6204532431549\\" x2=\\"719.6204532431549\\" y1=\\"0\\" y2=\\"4\\" stroke-width=\\"1\\" stroke=\\"#999\\" class=\\"makeStyles-minorTick-3\\" data-bp=\\"18885599\\"></line><line x1=\\"735.5663519240121\\" x2=\\"735.5663519240121\\" y1=\\"0\\" y2=\\"4\\" stroke-width=\\"1\\" stroke=\\"#999\\" class=\\"makeStyles-minorTick-3\\" data-bp=\\"18885999\\"></line><line x1=\\"751.5122506048692\\" x2=\\"751.5122506048692\\" y1=\\"0\\" y2=\\"4\\" stroke-width=\\"1\\" stroke=\\"#999\\" class=\\"makeStyles-minorTick-3\\" data-bp=\\"18886399\\"></line><line x1=\\"767.4581492857264\\" x2=\\"767.4581492857264\\" y1=\\"0\\" y2=\\"4\\" stroke-width=\\"1\\" stroke=\\"#999\\" class=\\"makeStyles-minorTick-3\\" data-bp=\\"18886799\\"></line><line x1=\\"783.4040479665836\\" x2=\\"783.4040479665836\\" y1=\\"0\\" y2=\\"4\\" stroke-width=\\"1\\" stroke=\\"#999\\" class=\\"makeStyles-minorTick-3\\" data-bp=\\"18887199\\"></line><line x1=\\"799.3499466474407\\" x2=\\"799.3499466474407\\" y1=\\"0\\" y2=\\"4\\" stroke-width=\\"1\\" stroke=\\"#999\\" class=\\"makeStyles-minorTick-3\\" data-bp=\\"18887599\\"></line><line x1=\\"815.2958453282979\\" x2=\\"815.2958453282979\\" y1=\\"0\\" y2=\\"6\\" stroke-width=\\"1\\" stroke=\\"#555\\" class=\\"makeStyles-majorTick-2\\" data-bp=\\"18887999\\"></line><line x1=\\"831.241744009155\\" x2=\\"831.241744009155\\" y1=\\"0\\" y2=\\"4\\" stroke-width=\\"1\\" stroke=\\"#999\\" class=\\"makeStyles-minorTick-3\\" data-bp=\\"18888399\\"></line><line x1=\\"847.1876426900121\\" x2=\\"847.1876426900121\\" y1=\\"0\\" y2=\\"4\\" stroke-width=\\"1\\" stroke=\\"#999\\" class=\\"makeStyles-minorTick-3\\" data-bp=\\"18888799\\"></line><line x1=\\"863.1335413708694\\" x2=\\"863.1335413708694\\" y1=\\"0\\" y2=\\"4\\" stroke-width=\\"1\\" stroke=\\"#999\\" class=\\"makeStyles-minorTick-3\\" data-bp=\\"18889199\\"></line><line x1=\\"879.0794400517265\\" x2=\\"879.0794400517265\\" y1=\\"0\\" y2=\\"4\\" stroke-width=\\"1\\" stroke=\\"#999\\" class=\\"makeStyles-minorTick-3\\" data-bp=\\"18889599\\"></line><line x1=\\"895.0253387325837\\" x2=\\"895.0253387325837\\" y1=\\"0\\" y2=\\"4\\" stroke-width=\\"1\\" stroke=\\"#999\\" class=\\"makeStyles-minorTick-3\\" data-bp=\\"18889999\\"></line><line x1=\\"910.9712374134408\\" x2=\\"910.9712374134408\\" y1=\\"0\\" y2=\\"4\\" stroke-width=\\"1\\" stroke=\\"#999\\" class=\\"makeStyles-minorTick-3\\" data-bp=\\"18890399\\"></line><line x1=\\"926.9171360942979\\" x2=\\"926.9171360942979\\" y1=\\"0\\" y2=\\"4\\" stroke-width=\\"1\\" stroke=\\"#999\\" class=\\"makeStyles-minorTick-3\\" data-bp=\\"18890799\\"></line><line x1=\\"942.8630347751551\\" x2=\\"942.8630347751551\\" y1=\\"0\\" y2=\\"4\\" stroke-width=\\"1\\" stroke=\\"#999\\" class=\\"makeStyles-minorTick-3\\" data-bp=\\"18891199\\"></line><line x1=\\"958.8089334560123\\" x2=\\"958.8089334560123\\" y1=\\"0\\" y2=\\"4\\" stroke-width=\\"1\\" stroke=\\"#999\\" class=\\"makeStyles-minorTick-3\\" data-bp=\\"18891599\\"></line><line x1=\\"974.7548321368695\\" x2=\\"974.7548321368695\\" y1=\\"0\\" y2=\\"6\\" stroke-width=\\"1\\" stroke=\\"#555\\" class=\\"makeStyles-majorTick-2\\" data-bp=\\"18891999\\"></line><line x1=\\"990.7007308177266\\" x2=\\"990.7007308177266\\" y1=\\"0\\" y2=\\"4\\" stroke-width=\\"1\\" stroke=\\"#999\\" class=\\"makeStyles-minorTick-3\\" data-bp=\\"18892399\\"></line><line x1=\\"1006.6466294985837\\" x2=\\"1006.6466294985837\\" y1=\\"0\\" y2=\\"4\\" stroke-width=\\"1\\" stroke=\\"#999\\" class=\\"makeStyles-minorTick-3\\" data-bp=\\"18892799\\"></line><text x=\\"15.000911285440026\\" y=\\"18\\" style=\\"font-size:11px\\" class=\\"makeStyles-majorTickLabel-1\\">18,868,000</text><text x=\\"174.4598980940116\\" y=\\"18\\" style=\\"font-size:11px\\" class=\\"makeStyles-majorTickLabel-1\\">18,872,000</text><text x=\\"333.91888490258316\\" y=\\"18\\" style=\\"font-size:11px\\" class=\\"makeStyles-majorTickLabel-1\\">18,876,000</text><text x=\\"493.37787171115474\\" y=\\"18\\" style=\\"font-size:11px\\" class=\\"makeStyles-majorTickLabel-1\\">18,880,000</text><text x=\\"652.8368585197263\\" y=\\"18\\" style=\\"font-size:11px\\" class=\\"makeStyles-majorTickLabel-1\\">18,884,000</text><text x=\\"812.2958453282979\\" y=\\"18\\" style=\\"font-size:11px\\" class=\\"makeStyles-majorTickLabel-1\\">18,888,000</text><text x=\\"971.7548321368695\\" y=\\"18\\" style=\\"font-size:11px\\" class=\\"makeStyles-majorTickLabel-1\\">18,892,000</text></g></g></g><g transform=\\"translate(0 110)\\"><text font-size=\\"15\\" x=\\"0\\">ClinGen Gene-Disease mapping</text><g transform=\\"translate(0 20)\\"><defs><clipPath id=\\"clip-sXi9Yt_n7f-0\\"><rect x=\\"0\\" y=\\"0\\" width=\\"1000\\" height=\\"100\\"></rect></clipPath></defs><g transform=\\"translate(0 0)\\" clip-path=\\"url(#clip-sXi9Yt_n7f-0)\\"><g><rect data-testid=\\"box-test-bb-445991\\" x=\\"154.8\\" y=\\"0\\" width=\\"1000.0470357699566\\" height=\\"10\\" fill=\\"goldenrod\\"></rect><text x=\\"154.8\\" y=\\"25\\" style=\\"font-size:13px;fill:black;cursor:default\\">hyperprolinemia type 2</text></g></g></g></g></g></svg>"`;
